movie-default	奥本海默 (2023)/奥本海默 (2023) - 2160p BluRay HDR10 H.265
movie-no-year-quality	奥本海默/奥本海默
movie-colon	碟中谍7 - 致命清算（上） (2023)/碟中谍7 - 致命清算（上） (2023) - 2160p BluRay HDR10 H.265
movie-original-colon	Mission - Impossible - Dead Reckoning Part One (2023)/Mission - Impossible - Dead Reckoning Part One
movie-illegal-chars	A B C D E F G H I J (2023)/A B C D E F G H I J (2023) - 2160p BluRay HDR10 H.265
movie-emby-tmdbid	奥本海默 (2023) [tmdbid=872585]/奥本海默 (2023)
movie-jellyfin-tmdbid	奥本海默 (2023) [tmdbid-872585]/奥本海默 (2023)
movie-plex-tmdb	奥本海默 (2023) {tmdb-872585}/奥本海默 (2023)
movie-group	奥本海默.2023.2160p.BluRay.H.265-FRDS
tv-default	最后生还者 (2023)/Season 1/最后生还者 - S01E02 - 感染
tv-multi-episode	最后生还者 (2023)/Season 1/最后生还者 - S01E01-E02 - 感染
tv-specials	最后生还者 (2023)/Season 0/最后生还者 - S00E01
tv-pad	最后生还者/Season 01/最后生还者 S01E002
tv-empty-segments	最后生还者/HHWEB/S01E02
